// Jest Snapshot v1, https://goo.gl/fbAQLP

exports[`Test Boardcontent Component スナップショット 1`] = `null`;
