// Jest Snapshot v1, https://goo.gl/fbAQLP

exports[`Test Lifecontent Component スナップショット 1`] = `null`;
